[2026-06-13 14:08:16,134] INFO [train.run_training_pipeline:25] - Starting the Machine Learning model training pipeline...
[2026-06-13 14:08:16,143] INFO [train.run_training_pipeline:41] - Loading dataset from C:\Users\prasa\Downloads\myspace\AI-enhanced-digital-payment\ml-service\dataset\creditcard.csv...
[2026-06-13 14:08:18,754] INFO [train.run_training_pipeline:44] - Dataset loaded successfully in 2.61 seconds. Shape: (284807, 31)
[2026-06-13 14:08:18,755] INFO [train.run_training_pipeline:47] - Performing exploratory analysis and checking for missing values...
[2026-06-13 14:08:18,797] INFO [train.run_training_pipeline:55] - Zero missing values detected in the dataset. Proceeding...
[2026-06-13 14:08:18,825] INFO [train.run_training_pipeline:60] - Class Distribution: Safe = 284315, Fraud = 492 (0.173%)
[2026-06-13 14:08:18,826] INFO [train.run_training_pipeline:63] - Splitting dataset into 80% training and 20% test sets (stratified)...
[2026-06-13 14:08:19,212] INFO [train.run_training_pipeline:71] - Training set: (227845, 30), Test set: (56962, 30)
[2026-06-13 14:08:19,212] INFO [train.run_training_pipeline:75] - Fitting and applying StandardScaler on features...
[2026-06-13 14:08:19,810] INFO [train.run_training_pipeline:81] - Saving fitted scaler to C:\Users\prasa\Downloads\myspace\AI-enhanced-digital-payment\ml-service\models\scaler.pkl...
[2026-06-13 14:08:20,174] INFO [train.run_training_pipeline:85] - Training RandomForestClassifier model (class_weight='balanced', n_jobs=-1)...
[2026-06-13 14:08:50,432] INFO [train.run_training_pipeline:100] - Model training completed in 30.25 seconds.
[2026-06-13 14:08:50,446] INFO [train.run_training_pipeline:103] - Evaluating model performance on test dataset...
[2026-06-13 14:08:51,031] INFO [train.run_training_pipeline:128] - Saving trained RandomForest model to C:\Users\prasa\Downloads\myspace\AI-enhanced-digital-payment\ml-service\models\fraud_model.pkl...
[2026-06-13 14:08:51,123] INFO [train.run_training_pipeline:145] - Saving model metadata to C:\Users\prasa\Downloads\myspace\AI-enhanced-digital-payment\ml-service\models\metadata.json...
[2026-06-13 14:08:51,186] INFO [train.run_training_pipeline:169] - Training and evaluation pipeline finished successfully.
[2026-06-13 14:09:20,775] INFO [app.startup_event:78] - Initializing fraud detection service API...
[2026-06-13 14:09:20,776] INFO [predict.load_model:40] - Deserializing and caching model and scaler artifacts...
[2026-06-13 14:09:23,934] INFO [app.startup_event:81] - Successfully loaded and cached ML model artifacts on startup.
[2026-06-13 14:10:09,477] INFO [predict.predict_transaction:109] - Transaction inference result - Prediction: 0, Score: 0, Level: SAFE
[2026-06-13 14:11:24,945] INFO [predict.predict_transaction:109] - Transaction inference result - Prediction: 0, Score: 0, Level: SAFE
[2026-08-05 22:05:16,731] INFO [predict.load_model:40] - Deserializing and caching model and scaler artifacts...
[2026-08-05 22:06:54,297] WARNING [predict.preprocess_data:56] - Feature 'V2' was omitted in transaction payload. Imputing with 0.0.
[2026-08-05 22:06:54,297] WARNING [predict.preprocess_data:56] - Feature 'V3' was omitted in transaction payload. Imputing with 0.0.
[2026-08-05 22:06:54,297] WARNING [predict.preprocess_data:56] - Feature 'V4' was omitted in transaction payload. Imputing with 0.0.
[2026-08-05 22:06:54,298] WARNING [predict.preprocess_data:56] - Feature 'V5' was omitted in transaction payload. Imputing with 0.0.
[2026-08-05 22:06:54,298] WARNING [predict.preprocess_data:56] - Feature 'V6' was omitted in transaction payload. Imputing with 0.0.
[2026-08-05 22:06:54,298] WARNING [predict.preprocess_data:56] - Feature 'V7' was omitted in transaction payload. Imputing with 0.0.
[2026-08-05 22:06:54,298] WARNING [predict.preprocess_data:56] - Feature 'V8' was omitted in transaction payload. Imputing with 0.0.
[2026-08-05 22:06:54,298] WARNING [predict.preprocess_data:56] - Feature 'V9' was omitted in transaction payload. Imputing with 0.0.
[2026-08-05 22:06:54,298] WARNING [predict.preprocess_data:56] - Feature 'V10' was omitted in transaction payload. Imputing with 0.0.
[2026-08-05 22:06:54,298] WARNING [predict.preprocess_data:56] - Feature 'V11' was omitted in transaction payload. Imputing with 0.0.
[2026-08-05 22:06:54,298] WARNING [predict.preprocess_data:56] - Feature 'V12' was omitted in transaction payload. Imputing with 0.0.
[2026-08-05 22:06:54,298] WARNING [predict.preprocess_data:56] - Feature 'V13' was omitted in transaction payload. Imputing with 0.0.
[2026-08-05 22:06:54,298] WARNING [predict.preprocess_data:56] - Feature 'V14' was omitted in transaction payload. Imputing with 0.0.
[2026-08-05 22:06:54,298] WARNING [predict.preprocess_data:56] - Feature 'V15' was omitted in transaction payload. Imputing with 0.0.
[2026-08-05 22:06:54,298] WARNING [predict.preprocess_data:56] - Feature 'V16' was omitted in transaction payload. Imputing with 0.0.
[2026-08-05 22:06:54,299] WARNING [predict.preprocess_data:56] - Feature 'V17' was omitted in transaction payload. Imputing with 0.0.
[2026-08-05 22:06:54,299] WARNING [predict.preprocess_data:56] - Feature 'V18' was omitted in transaction payload. Imputing with 0.0.
[2026-08-05 22:06:54,299] WARNING [predict.preprocess_data:56] - Feature 'V19' was omitted in transaction payload. Imputing with 0.0.
[2026-08-05 22:06:54,299] WARNING [predict.preprocess_data:56] - Feature 'V20' was omitted in transaction payload. Imputing with 0.0.
[2026-08-05 22:06:54,299] WARNING [predict.preprocess_data:56] - Feature 'V21' was omitted in transaction payload. Imputing with 0.0.
[2026-08-05 22:06:54,299] WARNING [predict.preprocess_data:56] - Feature 'V22' was omitted in transaction payload. Imputing with 0.0.
[2026-08-05 22:06:54,299] WARNING [predict.preprocess_data:56] - Feature 'V23' was omitted in transaction payload. Imputing with 0.0.
[2026-08-05 22:06:54,299] WARNING [predict.preprocess_data:56] - Feature 'V24' was omitted in transaction payload. Imputing with 0.0.
[2026-08-05 22:06:54,299] WARNING [predict.preprocess_data:56] - Feature 'V25' was omitted in transaction payload. Imputing with 0.0.
[2026-08-05 22:06:54,299] WARNING [predict.preprocess_data:56] - Feature 'V26' was omitted in transaction payload. Imputing with 0.0.
[2026-08-05 22:06:54,299] WARNING [predict.preprocess_data:56] - Feature 'V27' was omitted in transaction payload. Imputing with 0.0.
[2026-08-05 22:06:54,299] WARNING [predict.preprocess_data:56] - Feature 'V28' was omitted in transaction payload. Imputing with 0.0.
[2026-08-05 22:06:54,557] INFO [predict.predict_transaction:109] - Transaction inference result - Prediction: 0, Score: 0, Level: SAFE
